npm warn Unknown env config "http-proxy". This will stop working in the next major version of npm.

> sheep-game-development@0.13.0 full:check
> node tools/check-full.js

{"htmlBytes":13554359,"sharedModules":25,"dealSizes":[270,540,720],"wechatRoot":"wechat_full","originalAssets":false}
✔ commercial preflight permits a valid simulated move (1.240855ms)
✔ production gate remains closed without real approval and credentials (0.17227ms)
✔ unbound revive is rejected before requesting an advertisement (0.098539ms)
✔ no assist opportunity after its round allowance is used (0.13913ms)
✔ board preflight failure cannot display a reward offer (0.137768ms)
✔ no fabricated daily allowance: null means no product cap assigned (0.239793ms)
✔ unknown placement never falls through to a real ad slot (0.135294ms)
✔ malformed used count is rejected rather than bypassing allowance (0.095344ms)
✔ normal flow separates complete evidence from reward application (0.800399ms)
✔ a closed but incomplete ad grants nothing (3.60567ms)
✔ missing completion flag is unresolved, not a free reward (0.193482ms)
✔ ordinary share return cannot masquerade as ad completion (0.17856ms)
✔ duplicate event is idempotent (0.430861ms)
✔ same event id with different data is rejected (0.443471ms)
✔ ad cannot complete without a show attempt (0.153682ms)
✔ failed grant retains earned entitlement for retry without another ad (0.202876ms)
✔ old round completion cannot reward a different round (1.191586ms)
✔ changed board revision cannot commit stale reward (0.29769ms)
✔ load failure is recorded without spending a round use (0.115554ms)
✔ duplicate grants with new event id are rejected (0.144378ms)
✔ ordinary successful pipeline has explicit denominators (0.176817ms)
✔ funnel does not guess zero revenue or completion rate with no data (0.075554ms)
✔ duplicate flow records are rejected rather than double counted (0.127152ms)
✔ report separates estimated settled and cash values, no second revenue share (0.17884ms)
✔ zero is a reported value; null is missing information (0.248065ms)
✔ monetary inputs use integer fen and explicit currency (0.153082ms)
✔ round state and algorithm files are not mutated by ledger (0.138349ms)
✔ documented config has no purchase entry or invented banner (0.571314ms)
✔ all public entrypoints reject missing schema (2.475832ms)
✔ all public entrypoints reject unknown schema (0.24466ms)
✔ all public entrypoints reject missing deal ID (0.168765ms)
✔ all public entrypoints reject blank layout ID (0.279503ms)
✔ all public entrypoints reject six-slot public deal (0.20516ms)
✔ all public entrypoints reject coordinate outside limit (0.235456ms)
✔ all public entrypoints reject blank stack ID (0.241275ms)
✔ all public entrypoints reject invalid layer (0.164138ms)
✔ all public entrypoints reject unbalanced labels (0.299042ms)
✔ all public entrypoints reject empty cells (0.328717ms)
✔ all public entrypoints reject duplicate ID (0.221084ms)
✔ all public entrypoints reject same-layer overlap (1.783685ms)
✔ all public entrypoints reject side-stack gap (0.241565ms)
✔ all public entrypoints reject bad hash encoding (0.259182ms)
✔ oversized deals are rejected by runtime and independent replay before work starts (0.861382ms)
✔ portable SHA-256 matches Node on padding, Unicode, and deterministic varied vectors (172.430522ms)
✔ content hash ignores key insertion order and deal ID but binds every gameplay field (0.884597ms)
✔ legacy snapshots load without mutating input and obtain a verified content hash (0.624564ms)
✔ a stale hash is rejected even when a changed snapshot still has balanced types (0.676853ms)
✔ shuffle identity tracks root deal, round, ordinal and actual label mapping (10.366216ms)
✔ no-op shuffle preserves content hash but advances action identity without forcing a redraw (0.441137ms)
✔ pick does not pretend the immutable deal hash is a complete mutable round-state hash (0.385983ms)
✔ shuffle rejects injected, missing, and non-array RNG results atomically (0.751065ms)
✔ shuffle cannot reassign a taken tile, and its full type pool stays balanced after triples (4.249212ms)
✔ publication gate accepts legacy and new receipts and refuses content/path tampering (6.905717ms)
✔ independent replay has no imports of runtime, graph, generator or solver (0.260404ms)
✔ search agrees with independent exhaustive reference on 100 layouts x 5 capacities (146.185326ms)
✔ shuffle primitive matches direct HMAC counter specification (0.389288ms)
✔ all higher layers block, including a gap in intermediate layers (2.453438ms)
✔ edge contact does not count as blocking (0.606998ms)
✔ input schema errors cannot be mistaken for solved or exhausted states (5.500993ms)
✔ shuffle cannot be used as revival after failure (1.209068ms)
✔ hidden-type permutation noninterference uses actually distinct labels (84.001695ms)
✔ all supported fixture sizes validate including the upper bound (183.089857ms)
✔ HMAC stream is deterministic and isolated by name (3.498808ms)
✔ range sampling and shuffle preserve identities (6.045376ms)
✔ layout validation rejects duplicate IDs and invalid geometry (3.17556ms)
✔ layout validation rejects ambiguous same-layer overlap (0.223788ms)
✔ layout validation rejects stack gaps and mixed-zone intersections (5.046997ms)
✔ generation rejects quotas not matching physical slots (6.511561ms)
✔ 270-tile generated witness clears under independent replay (19.486861ms)
✔ 540 and 720 tile fixtures are generated and verified (133.008067ms)
✔ same seed produces identical snapshot and receipt, input stays unchanged (38.814697ms)
✔ nonuniform quotas and small fixture are supported (1.322499ms)
✔ independent replay rejects duplicate, missing and illegal actions (21.406622ms)
✔ independent replay rejects count tampering and corrupt identity (11.939845ms)
✔ seventh matching tile clears before failure is checked (1.407737ms)
✔ seventh nonmatching tile fails and later clicks have no effect (0.559806ms)
✔ blocked and duplicate clicks never mutate input state (26.04331ms)
✔ side stack must be drawn in explicit top-to-bottom order (18.924592ms)
✔ runtime and independent witness replay agree on full completion (14.025617ms)
✔ shuffle preserves rack, removed tiles, geometry and type multiset (22.252821ms)
✔ observation and selected action do not depend on unobserved types (44.396999ms)
✔ visible matching policy clears an all-visible board (0.540807ms)
✔ solver finds and independently verifies a path (0.689562ms)
✔ solver reports exhausted unsolvable versus budget unknown (0.397832ms)
✔ accepted mutations retain an independently validated witness (65.58154ms)
✔ candidate selector reports unattainable band without fallback (9.690807ms)
✔ controller: successful application persists and restores same actual state (92.587792ms)
✔ controller: earning during disk failure retained in memory, not applied (47.618187ms)
✔ controller: failed grant persistence leaves pending entitlement and no charged quota (47.118282ms)
✔ controller: explicit restore of awaiting video never assumes completion (21.276586ms)
✔ controller: restart rejects late callback from previous round (18.896309ms)
✔ controller: getter cannot mutate live session (4.418147ms)
✔ controller: no raw storage data is executed on restore (2.299946ms)
✔ controller: explicit injected application failure then retry uses original permutation (32.476393ms)
✔ controller: local ledger refuses production (1.337652ms)
✔ controller: unbound revive does not create any request (3.237743ms)
✔ controller: result object cannot mutate live entitlement or board (7.97691ms)
✔ wx preview: native API calls gated off by default (1.612437ms)
✔ wx preview: initiating share does not claim a send (0.307785ms)
✔ wx preview: unrelated onShow does not grant share reward (0.221715ms)
✔ wx preview: hide then return yields return-only once (1.729093ms)
✔ wx preview: cancelling pending share prevents late return (0.305441ms)
✔ wx preview: concurrent provider request rejected (0.378061ms)
✔ wx preview: video waits for close evidence, not load/show (8.766829ms)
✔ wx preview: missing isEnded remains unverified (0.793379ms)
✔ wx preview: late old close is ignored after cancel (0.701259ms)
✔ wx preview: duplicate onError and promise rejection yields one failure (0.95298ms)
✔ wx preview: throwing share API yields failure without reward (0.321265ms)
✔ wx preview: destroy unregisters only owned handlers (0.158039ms)
✔ wx preview: cancelling a visible singleton ad quarantines later requests until close (1.09804ms)
✔ integration: bridge boots the approved playable session (4.445249ms)
✔ integration: production is explicitly refused by local ledger (2.383182ms)
✔ integration: ineligible move cannot create an offer (1.498064ms)
✔ integration: unbound revive cannot request a provider (0.767089ms)
✔ integration: request locks actual board but does not charge quota (1.361037ms)
✔ integration: share return earns a candidate entitlement without claiming sent (9.090128ms)
✔ integration: candidate share grant moves the real first three tiles (2.079523ms)
✔ integration: ad and share use one shared quota (1.033893ms)
✔ integration: complete video and actual application are separate (0.911078ms)
✔ integration: incomplete/unverified ad does not grant false (0.715611ms)
✔ integration: incomplete/unverified ad does not grant undefined (0.504172ms)
✔ integration: source mismatch cannot turn share into video completion (0.861492ms)
✔ integration: unrelated foreground event is not a command or reward (2.001104ms)
✔ integration: cancelled offer releases pending session without quota (2.469232ms)
✔ integration: provider failure releases pending session (0.419524ms)
✔ integration: earned reward cannot be cancelled or rerouted (0.404231ms)
✔ integration: duplicate grant command does not reapply (0.464072ms)
✔ integration: duplicated provider callback after application is harmless (0.690915ms)
✔ integration: old-round callback is rejected before touching current board (1.20411ms)
✔ integration: stale revision cannot commit (0.201845ms)
✔ integration: event ID reuse with different content fails (0.229016ms)
✔ integration: failure after earning preserves reward for retry (1.669473ms)
✔ integration: replay restores pending earned reward without new provider (5.13463ms)
✔ integration: corrupted persisted document is refused (0.732848ms)
✔ integration: full applied state can be restored without applying twice (5.876632ms)
✔ integration: no share reward when candidate profile is disabled (0.868593ms)
✔ integration: invalid shuffle cannot open provider flow (0.441527ms)
✔ integration: shuffle result fixed at request survives retry and preserves rack (5.124655ms)
✔ integration: accepted pick after a grant records continuation once (0.607428ms)
✔ integration: share rewards never inflate video completion metrics (0.375638ms)
✔ integration: mutations to input or exported state cannot rewrite history (0.5824ms)
✔ integration: wrong flow token cannot finish an offer (0.298221ms)
✔ integration: unknown command fields are rejected (0.200563ms)
✔ integrated UI: board starts and share return really applies shuffle (74.223117ms)
✔ integrated UI: completed-but-failed grant retries original flow (32.864279ms)
✔ integrated UI: ad incomplete never charges (54.066923ms)
✔ integrated UI: restart during earning isolates late provider callback (41.009279ms)
✔ integrated UI: ordinary hide/show alone does not grant (21.785315ms)
✔ integrated UI: export/explicit QA restore preserves earned entitlement (50.380922ms)
✔ integrated UI: all original witness picks reach real victory (895.778883ms)
✔ integrated UI: modal targets remain in small viewport (9.407519ms)
✔ integrated WeChat entry stub: imports resolve and touch starts actual session (33.735376ms)
✔ integrated WeChat entry stub: background and multi-touch cannot auto-start or grant (4.335423ms)
✔ integrated package: every SDK-bundled module matches its tested source (0.934473ms)
✔ integrated package: native requests default off with no production mode (0.232121ms)
✔ play: initial round preserves full card count and empty temporary area (3.588974ms)
✔ play: moving takes first three in current grouped rack order, not click order (1.046822ms)
✔ play: fewer than three cards rejects move with no mutation (0.581909ms)
✔ play: buffer can return to rack and participate in triples (1.82641ms)
✔ play: a returned buffer card cannot be picked twice (0.412824ms)
✔ play: win waits for buffer and rack to be fully eliminated (0.592916ms)
✔ play: undo restores exact original position and blocker relationships (0.458713ms)
✔ play: triple clears undo eligibility instead of resurrecting three tiles (0.448437ms)
✔ play: blocked picks do not overwrite the latest valid undo target (0.70068ms)
✔ play: unverified side-stack undo is rejected rather than guessed (0.64851ms)
✔ play: unverified buffer undo is rejected rather than guessed (1.293045ms)
✔ play: move clears prior undo target under the explicit candidate profile (0.585555ms)
✔ play: shuffle leaves rack and buffer labels unchanged and records real mapping (4.55201ms)
✔ play: bad shuffle permutation is refused atomically (1.588921ms)
✔ play: identity permutation remains valid without secret re-roll (0.758466ms)
✔ play: revive effect is explicitly unbound (0.279833ms)
✔ play: sixth-to-seventh matching card eliminates before losing (0.757445ms)
✔ play: non-matching seventh card enters LOST and locks ordinary assists (0.47612ms)
✔ play: duplicate tile in buffer is caught by the invariant checker (1.033331ms)
✔ play: tampered blocker counts are caught independently (0.273974ms)
✔ play hardening: optional undefined input is normalized consistently across replay (10.556755ms)
✔ play hardening: legal long tile ID supported by approved snapshot remains playable (0.671715ms)
✔ play hardening: exhausted undo cannot be reacquired after another pick (0.840931ms)
✔ play hardening: exhausted shuffle cannot be reacquired (3.562224ms)
✔ play hardening: pending modal cannot be reopened by delayed duplicate request (0.591233ms)
✔ play hardening: prototype-looking IDs cannot modify session dictionaries (3.320278ms)
✔ play hardening: all approved algorithm files remain byte-identical to v0.8 (1.201406ms)
✔ play hardening: WeChat copies exactly match all tested gameplay sources (1.00574ms)
✔ play hardening: new browser and WeChat deal do not contain private witness (3.593872ms)
✔ session: use of the development reward mode is explicit (2.940364ms)
✔ session: request reserves eligibility without consuming quota or changing cards (1.330521ms)
✔ session: completed mock reward applies the effect and quota in one commit (8.684004ms)
✔ session: cancelled never grants reward or consumes quota (1.050828ms)
✔ session: failed never grants reward or consumes quota (0.632697ms)
✔ session: share_returned never grants reward or consumes quota (0.398542ms)
✔ session: request is preflighted before showing any mock advert (0.393444ms)
✔ session: revive is unbound before reward UI is opened (0.502049ms)
✔ session: picks are locked while reward is pending (0.569411ms)
✔ session: second concurrent assist request is rejected (4.127398ms)
✔ session: each of the three assists can be consumed at most once per round (0.473246ms)
✔ session: duplicate command returns acknowledgement without repeated events (6.836442ms)
✔ session: same command ID with different payload is rejected (0.269167ms)
✔ session: stale revision is rejected before any card change (0.286032ms)
✔ session: old round callback cannot affect a new round (0.354506ms)
✔ session: wrong reward token does not clear pending request (0.340374ms)
✔ session: same reward token under a different command ID cannot grant twice (0.30445ms)
✔ session: invalid shuffle payload leaves board, quota and pending token untouched (0.458744ms)
✔ session: shuffle success stores actual permutation in replay log (0.626037ms)
✔ session: all accepted operations survive diagnostic export/replay identically (1.483442ms)
✔ session: exporting a pending reward never grants it on restore (1.324291ms)
✔ session: corrupted log checksum is rejected (0.387035ms)
✔ session: malformed restore input is rejected safely (0.345052ms)
✔ session: duplicate reward callback remains idempotent after restore (0.869374ms)
✔ session: action payload is copied so caller mutation cannot corrupt replay (0.17914ms)
✔ session: malformed request schema fails without accepting hidden extra fields (0.140061ms)
✔ play UI: home starts a playable session through pointer intent (19.887086ms)
✔ play UI: board hit region picks one tile only (11.761636ms)
✔ play UI: ordinary undo requires explicit completed mock reward (22.819408ms)
✔ play UI: mock cancellation leaves quota untouched (15.494067ms)
✔ play UI: background/foreground does not pretend a reward completed (11.362833ms)
✔ play UI: modal blocks click-through to the board (4.496817ms)
✔ play UI: restart produces new round identity and resets per-round quota (16.300476ms)
✔ play UI: resize retains stable round and on-screen hit targets (2.687111ms)
✔ play UI: original evidence completes the extended session through actual commands (127.996819ms)
✔ play UI: export contains real accepted operations, not a forged final board (5.126789ms)
✔ portable shuffle: repeatable injected uint32 source preserves multiset (0.731496ms)
✔ portable shuffle: invalid random values are rejected instead of corrupting deal (0.429469ms)
✔ WeChat interface stub: entry registers lifecycle hooks and accepts a single touch (27.138325ms)
✔ WeChat interface stub: background input and multiple touches are ignored (1.578335ms)
✔ WeChat interface stub: older window-info fallback and resize have no missing imports (0.950286ms)
✔ probe runs 270 evidence steps through actual runtime (85.653331ms)
✔ probe resize and restart restore consistent playable state (24.933983ms)
✔ WeChat probe runtime is byte-identical to tested runtime (0.611785ms)
✔ art assets: the shared manifest is valid and an empty theme keeps vector fallback (3.036278ms)
✔ art assets: one source preloads once and exposes each logical asset after load (2.010017ms)
✔ art assets: synchronous source load uses natural image dimensions (0.69503ms)
✔ art assets: a failed image does not reject other images or reorder results (0.401437ms)
✔ art assets: invalid manifests and unknown keys fail without invoking an image factory (0.723303ms)
✔ art assets: malformed atlas rectangles are rejected before image loading (0.503732ms)
✔ art assets: an out-of-bounds atlas entry does not spoil another entry sharing its source (0.35029ms)
✔ art assets: image creation, source assignment, and empty dimensions resolve as failures (1.536452ms)
✔ art assets: a timeout rejects late callbacks and leaves a stable ready result (18.763248ms)
✔ art assets: dispose resolves pending work and prevents late cache pollution (3.796749ms)
✔ art assets: contain centers undistorted artwork and restores inherited canvas alpha (0.458182ms)
✔ art assets: cover crops within the selected atlas rectangle (1.375158ms)
✔ art assets: stretch fills the target and atlas descriptors cannot be mutated (2.669584ms)
✔ art assets: canvas drawing failure still restores state and returns vector fallback (0.246513ms)
✔ art assets: unknown keys and invalid draw options leave the canvas untouched (0.521508ms)
✔ art assets: all declared game keys and inlined PNG or WebP sources share the loader (0.46295ms)
✔ art assets: approved screen artwork and existing character keys retain distinct shared atlas slices (0.558965ms)
✔ art assets: optional font metadata does not become image loading work (0.184469ms)
✔ art assets: progress decoration and primary button use separate slices from a shared component atlas (0.282266ms)
✔ art renderer: an available frame and symbol replace the complete old tile drawing (1.549652ms)
✔ art renderer: independently unavailable plate and symbol keep the current drawing (0.734791ms)
✔ art renderer: character and grave images replace their respective drawings (0.200252ms)
✔ build: every old v0.11 source file remains byte identical (3.039974ms)
✔ build: self-contained player and a unique WeChat import directory exist (0.457952ms)
✔ build: full player contains no solver or witness; template SDK defaults remain off (49.315422ms)
✔ build: generated WeChat tree has no browser DOM dependency in entry (0.290129ms)
✔ build: repeated isolated builds retain developer identity and SDK configuration (592.515794ms)
✔ card geometry: dense board gaps shrink without changing deal, blockers, aspect or hit bounds (16.13789ms)
✔ card geometry: the expanded fringe selects the visible front layer and then exposes the next (9.976688ms)
✔ card geometry: rack landing and the last three clear frames use the same two-pixel slot gap (6.547385ms)
▶ card geometry: move and undo animations start from the wider rack card without jumping
  ✔ move (9.608142ms)
  ✔ undo (5.468616ms)
✔ card geometry: move and undo animations start from the wider rack card without jumping (15.828164ms)
✔ card geometry: six reserve cards remain separated after actual move and revival (26.939449ms)
✔ product: new round is playable and production is rejected (4.123493ms)
✔ product: revival moves three without deleting or reshuffling (4.628256ms)
✔ product: revival preserves existing reserve and snapshot replays (10.726383ms)
✔ product: premature ad close cannot grant (1.06531ms)
✔ product: an unqualified share return cannot grant (0.709813ms)
✔ product: old round and duplicate callbacks cannot apply twice (0.85985ms)
✔ product: ordinary persistence failure rolls command back (1.198562ms)
✔ product: earned evidence is retained in memory, cannot apply until durable (3.609816ms)
✔ product: restore interrupts waiting but retries earned without another ad (2.372906ms)
✔ product: getter mutation does not modify authoritative state (0.545404ms)
✔ product: explicit shuffle permutation persists across grant failure retry (2.713721ms)
✔ product: full fixture can clear through real commands (3.669627ms)
✔ product: video and share never receive separate quotas (0.666217ms)
✔ clock: overlapping pause reasons count active time only (0.208646ms)
✔ clock: reset cannot inherit previous pause reasons (0.125189ms)
✔ delivery: launch and check entrypoints exist for Windows (1.157039ms)
✔ delivery: production gate has no silent true defaults (0.467798ms)
✔ delivery: starting source-only checkout builds the current playable HTML (336.819799ms)
✔ delivery: invalid deal aborts startup instead of serving an obsolete build (231.034816ms)
✔ icons: all 20 approved Phosphor icons paint with portable Canvas commands (4.475755ms)
✔ icons: invalid names and geometry leave Canvas untouched (0.378031ms)
✔ icons: source files preserve Phosphor attribution and exact approved SVG hashes (2.084801ms)
✔ icons: offline compiler reproduces shipped portable paths without network dependencies (79.078376ms)
✔ icons: object prototype names are not valid drawing commands (0.269237ms)
✔ identity race: a reauthenticated old app cannot overwrite another account on destroy (39.15361ms)
✔ identity race: externally refreshed scope locks old inputs, frame, callbacks and lifecycle writes (18.261662ms)
✔ verification race: cancelling one observation never suppresses the next completed ad (25.528286ms)
✔ verification race: the second failed verification survives restart and retries without another ad (40.795612ms)
✔ pointer input: press draws feedback and release activates the captured target once (7.566076ms)
✔ pointer input: empty and disabled targets cannot capture or activate (0.219953ms)
✔ pointer input: leaving cancels feedback and re-entering restores the original target (0.228295ms)
✔ pointer input: release outside or over another target cannot activate either action (0.184619ms)
✔ pointer input: release rechecks target identity and current business availability (0.186091ms)
✔ pointer input: disabled host input prevents capture and cancels an active release (0.160302ms)
✔ pointer input: other pointers cannot take over, move, release or cancel a captured press (0.146792ms)
✔ pointer input: non-finite coordinates and compound pointer identifiers never activate (0.552295ms)
✔ pointer input: global cancel and lifecycle reset discard the gesture (0.312682ms)
✔ pointer input: disposed input clears feedback and cannot trigger later actions (0.255326ms)
✔ pointer input: asynchronous activation preserves its result and releases immediately (0.230909ms)
✔ pointer input: ignored async rejection is handled while callers can still observe it (7.730565ms)
✔ native input: modern touch entry presses, moves and releases with the same identifier (3.028849ms)
✔ native input: multi-touch and cancellation discard the entire captured gesture (0.779708ms)
✔ native input: missing end capability retains legacy tap and optional hooks are detected (1.174836ms)
✔ lifecycle safety: delayed start response cannot enter a round after destroy (13.338481ms)
✔ lifecycle safety: delayed bootstrap cannot publish or navigate after destroy (13.116115ms)
✔ lifecycle safety: delayed settlement cannot clear recovery records after destroy (16.60587ms)
✔ lifecycle safety: first tap after midnight cannot mutate or persist an expired board (3.45414ms)
✔ lifecycle safety: an older start response cannot overwrite a newer round (3.944802ms)
✔ lifecycle safety: an old settlement response cannot clear a newer round recovery envelope (41.854123ms)
✔ mascot: approved PNG is shipped byte-identical and gets an additive asset key (2.580902ms)
✔ mascot: breath, leaf sway and blink preserve the approved neutral origin (0.851877ms)
✔ mascot: lower priority taps cannot interrupt terminal performances (0.203056ms)
✔ mascot: reduced motion immediately snaps and freezes existing and newly triggered cues (0.199642ms)
✔ mascot: hidden views do not advance animation or paint (0.647364ms)
✔ mascot: committed events are read-only, revision-deduplicated and revive replaces fail (0.438563ms)
✔ mascot: bad deltas are ignored and returned poses cannot mutate the rig (0.219362ms)
✔ mascot: Canvas fallback uses the exact source image, no SVG or Path2D, and restores state (0.951678ms)
✔ mascot: fail and blink overlays retain source-based color and reject unavailable images safely (0.473545ms)
✔ mascot: a fully closed blink covers the original eyes through their lower white edges (0.349157ms)
✔ mascot: fallback sad mouth erase stays inside the source mouth silhouette (0.318722ms)
✔ mascot: fallback erases underlying mouth ink before sampling semitransparent orange pixels (0.275256ms)
✔ native online: explicit online preview passes the authenticated client into the real app contract (6.648519ms)
✔ native online: simulation neither creates a network client nor invokes the native reward provider (0.737975ms)
✔ native online: missing backend configuration and production mode remain closed (1.55516ms)
✔ native entry: boot and menu/safe-area offset affect real hit regions (29.779662ms)
✔ native entry: lifecycle gates real touch events (12.759996ms)
✔ native friends: invalid dimensions and irrelevant messages never request cloud data (0.920622ms)
✔ native friends: stale callbacks cannot redraw a hidden panel (0.305883ms)
✔ native friends: only requested current day and history are rendered (0.491123ms)
✔ online auth uses a one-time WeChat code, normalized URL, memory-only token and account scope (11.41912ms)
✔ all product actions pass their JSON data and successful response through (2.528872ms)
✔ concurrent initial requests share one login and retain separate results (3.038903ms)
✔ configuration rejects non-HTTPS, credentials, query, hash and secret fields before logging in (1.040172ms)
✔ explicit test permission permits only exact loopback HTTP hosts (2.151081ms)
✔ WeChat runtime does not require the browser URL global (0.731656ms)
✔ secret-bearing request JSON is rejected before transmission, including toJSON output (0.844316ms)
✔ request payload is snapshotted before asynchronous login (4.242262ms)
✔ failed login cleans up concurrency state and a later request can authenticate again (1.079171ms)
✔ missing login code and malformed authentication fail closed without fallback (3.645901ms)
✔ HTTP and application failures keep safe explicit error codes (1.445755ms)
✔ session expiry refreshes and retries the original operation exactly once (1.041394ms)
✔ a second expiry response rejects instead of looping or retaining the rejected token (0.78685ms)
✔ concurrent expiry responses share reauthentication and stale responses cannot evict a newer token (0.487247ms)
✔ known token expiry triggers login before sending another authenticated call (0.685927ms)
✔ identity-changing refresh updates scope but never resends an old account operation (0.715071ms)
✔ old account successful responses are discarded after a concurrent identity change (1.976307ms)
✔ login timeout rejects, ignores late login callbacks and permits a clean retry (102.394759ms)
✔ request timeout aborts the platform task and late callbacks cannot replace its result (102.167154ms)
✔ platform transport exceptions and failures are safe and never auto-retry mutating requests (0.749953ms)
✔ destroy cancels pending auth and ignores late callbacks without starting a request (0.512475ms)
✔ destroy aborts active requests, rejects queued consumers and erases authenticated scope (0.508799ms)
✔ online end-to-end: real HTTP login, device transfer, resume and settlement use one original ticket (141.51019ms)
✔ online end-to-end: independently authorized reward survives cloud progress and contributes once (120.119369ms)
✔ online end-to-end: explicit local conflict choice resumes syncing another ticket (86.255204ms)
✔ online end-to-end: explicit local conflict choice resumes syncing a pure-pick fork (62.367097ms)
✔ online end-to-end: reward-bearing fork offers cloud recovery instead of unsafe local replacement (47.620588ms)
✔ online: authenticated identities are isolated, login codes single-use and secrets absent (51.54483ms)
✔ online: real HTTP settlement persists and deduplicates shared winners across restart (45.775219ms)
✔ online: progress is user-global CAS, append-only and atomically cleared on settlement (24.185736ms)
✔ online: simultaneous CAS saves have exactly one winner and expired tickets cannot save (10.132946ms)
✔ online: forged client completion cannot save EARNED, COMMIT or settle without issued grant (13.180642ms)
✔ online: verified grants survive restart, bind the exact offer and settle once (29.106194ms)
✔ online: share offers, expired grants, reused evidence and stale saved offers fail closed (15.586989ms)
✔ online: missing identity configuration fails closed and provider errors never leak secrets (6.625104ms)
✔ online: official exchange sends only the code to configured WeChat and strips session keys (1.03856ms)
✔ online: host, origin, forwarded headers, JSON shape and bounded body are enforced (16.985193ms)
✔ online: HTTPS reverse proxy is explicit and non-loopback binds are refused (9.132904ms)
✔ online: authentication rate limit survives restart and expires at the next window (8.315338ms)
✔ online: invalid logs, foreign deals, excess durations and paging input cannot mutate data (10.264585ms)
✔ online: cloud-accepted EARNED rewards recover after expiry but cannot change their prefix (15.299245ms)
✔ online: pending verifier is rechecked against cancellation and cannot issue a late grant (7.326333ms)
✔ online: SQLite write failure rolls settlement, grant consumption and progress back together (13.199651ms)
✔ online: provider deadlines are bounded and boolean/client-only reward evidence is rejected (35.34608ms)
✔ online: explicit clear retires the ticket before a pending verifier can revive a discarded branch (17.476716ms)
✔ online: explicit resolution backs up another ticket and atomically retires only the displaced round (15.82873ms)
✔ online: explicit same-ticket pure-PICK resolution preserves the chosen board without relaxing put (9.945542ms)
✔ online: explicit branch resolution revokes every old offer before a waiting verifier returns (10.080646ms)
✔ online: explicit same-ticket reward branches or hidden issued grants require cloud recovery or restart (18.800707ms)
✔ online: explicit resolution retains CAS, ownership, choice and accepted settlement boundaries (15.811238ms)
✔ online: failed resolution commits neither backup nor retired ticket nor replacement progress (7.552836ms)
✔ online UI: cloud progress on a fresh device resumes the original ticket (27.580618ms)
✔ online UI: local moves synchronize into account-scoped cloud progress (14.956817ms)
✔ online UI: missing trusted reward capability cannot start an assist (11.807347ms)
✔ online UI: unrelated valid device and cloud rounds require an explicit choice (25.002761ms)
✔ online UI: native completion requires server authorization before applying a reward (32.23333ms)
✔ online UI: unavailable verification retries the original request without replaying the ad (29.875106ms)
✔ platform: open data gets display instructions but no friend list export (0.800199ms)
✔ platform: friend scores are own local development observations (0.27765ms)
✔ platform: unsupported capability returns explicit unavailable (0.156867ms)
✔ platform: native social does not silently activate without configuration (0.127173ms)
✔ portable runtime: mascot cues do not require Object.hasOwn (2.28281ms)
✔ portable runtime: icons do not require Object.hasOwn (1.809865ms)
✔ portable runtime: progress queuing does not require Array.at (1.442971ms)
✔ presentation recovery: restoring a durable outcome locks input until the exact pending settlement returns (41.923968ms)
✔ presentation recovery: failed final clear is durable before its deferred error panel and retries the same outcome (9.984071ms)
✔ presentation recovery: reloading during the final clear preserves ticket log and active duration (11.875419ms)
✔ presentation recovery: enabling reduced motion releases either terminal panel without another settlement (15.484885ms)
✔ presentation recovery: hide and resize cancel pressed tiles while a fresh release still plays (6.310788ms)
✔ presentation recovery: resizing before or after a terminal response cannot leave the outcome locked (31.818132ms)
✔ presentation recovery: a hidden terminal failure resumes with a usable retry and no extra playing time (11.225718ms)
✔ presentation recovery: an accepted response loss and another animated daily clear still add one sheep (14.280324ms)
✔ presentation: pointer press does not act until release and cancelling keeps board intact (15.909526ms)
✔ presentation: last three tiles settle immediately but finish clearing before win overlay (10.98217ms)
✔ presentation: reduced motion immediately shows terminal overlay (5.693735ms)
✔ presentation: hiding cancels pressed target and resize cancels stale pointer (3.465889ms)
✔ presentation: compact side stacks show exactly the actual legal front tile (58.944374ms)
✔ progress load establishes cloud revision and returns independent snapshots (19.970205ms)
✔ save serializes an immutable snapshot with the latest confirmed CAS revision (1.109167ms)
✔ save coalesces only unsent snapshots of the same ticket and settles every caller (13.493105ms)
✔ different tickets stay separate and an old response cannot replace latest local progress (1.265973ms)
✔ remove is ordered after saves and before another ticket, using sequential revisions (0.891248ms)
✔ load waits behind in-flight writes and does not overlap requests (1.056978ms)
✔ network failure retains pending progress and retry sends the exact original CAS operation (1.34989ms)
✔ cloud conflict retains local data and new saves cannot silently rebase it (0.896445ms)
✔ explicit load preserves conflicted local pending and retry still uses the original revision (5.845505ms)
✔ only a successful explicit load plus a new save resolves a conflict with the cloud revision (1.340617ms)
✔ failed reads never authorize replacing a conflicted CAS baseline (0.612776ms)
✔ network-failed snapshots are not silently discarded by an explicit load (0.8336ms)
✔ clear failure preserves its pending command and retries without advancing revision (4.574243ms)
✔ destroy rejects outstanding consumers, stops queued writes and ignores late success (1.248918ms)
✔ identity change rejects late cloud data and prevents any further use of the old synchronizer (0.561168ms)
✔ onChange receives snapshots and exceptions cannot break queue processing (0.544864ms)
✔ invalid cloud responses fail closed without publishing a new revision or losing pending data (0.394747ms)
✔ invalid local snapshots reject before queueing or sending a request (55.185222ms)
✔ explicit discard removes only a settled ticket and reloads before sending retained other-ticket writes (1.910828ms)
✔ discard isolates same-ticket in-flight replies without overlapping a read or losing another ticket (0.742012ms)
✔ discarded late failures cannot block a reload and confirmed same-ticket progress is cleared (0.449399ms)
✔ discard never accepts a cloud read that began before the settlement decision (0.37038ms)
✔ cloud progress round-trips the actual controller serialization and remains replayable (5.578141ms)
✔ discard before a queued transport starts never sends that discarded write (0.571033ms)
✔ recovery: offline completed outcome reloads with its exact payload and visible retry (62.440628ms)
✔ recovery: a durable winning action survives failure to create the outbox (13.735662ms)
✔ recovery: accepted settlement with a lost response retries once without duplicate contribution (13.332351ms)
✔ recovery: same-day daily replay uses the same deal without adding a second sheep (32.703291ms)
✔ recovery: ordinary playing saves remain excluded from automatic restoration (9.078872ms)
✔ recovery: an earned reward still restores and applies to its original round (14.962285ms)
✔ recovery: expired completed outcomes cannot count toward a new cycle (17.283034ms)
✔ recovery: another client scope cannot restore or submit the saved outcome (9.209931ms)
✔ recovery: first loss awaiting a revival decision is not automatically settled (12.883524ms)
✔ recovery: explicitly ending the first loss survives outbox creation failure (20.49683ms)
✔ recovery: pending outbox can retry after accepted settlement cleared the active log (14.432625ms)
✔ recovery: legacy outbox envelopes retain the ticket from the matching active save (18.596548ms)
✔ recovery: acknowledged legacy terminal saves do not trap play on an old duration conflict (18.43882ms)
✔ recovery: an explicit queued payload conflict remains visible rather than becoming acknowledged (13.57638ms)
✔ recovery: refreshing legacy acknowledgment failure retains a working retry (12.391039ms)
✔ resume: home offers the same original round and excludes offline time (32.963184ms)
✔ resume: returning home keeps a continuable round and restart requires confirmation (19.73534ms)
✔ resume: unconfirmed first loss restores its revival choice without reporting failure (29.929443ms)
✔ resume: pending unverified provider is interrupted without spending a reward (22.32876ms)
✔ resume: different account or expired ticket does not expose continue (8.306095ms)
✔ runtime safety: native share return never earns or consumes an assist (31.74339ms)
✔ runtime safety: native share offer does not promise a reward it cannot verify (10.813945ms)
✔ runtime safety: failed exit refresh does not stop resumed round time (9.787524ms)
✔ runtime safety: topic victory displays only its actual topic contribution (13.741029ms)
✔ HTTP: explicit development login and actual shared service bootstrap (41.827621ms)
✔ HTTP: no token, forged tokens and foreign origins rejected (15.234541ms)
✔ HTTP: real ticket, replayed 270-click win, duplicate settlement (154.064521ms)
✔ HTTP: static service cannot serve project files or traversal (4.336825ms)
✔ HTTP: bad JSON rejected; mode cannot silently become production (3.373339ms)
✔ skin presentation: a cap earned by a real daily clear remains visible after equipping and clearing again (83.118563ms)
✔ skin presentation: a scarf earned by the previous topic win remains visible after equipping and a daily clear (63.30189ms)
✔ social: first bootstrap has zero synthetic population and no currency (2.727633ms)
✔ social: validated clear adds region contribution once (17.712522ms)
✔ social: two full clears on same day never add a second sheep (3.284044ms)
✔ social: a ticket cannot be settled by another user (1.227425ms)
✔ social: nonterminal and altered deal logs cannot claim wins (1.25043ms)
✔ social: replay checksum does not replace assigned-deal verification (1.375789ms)
✔ social: negative or impossible duration rejected (1.264772ms)
✔ social: an expired ticket cannot update the new day (0.819338ms)
✔ social: daily and topic contributions are separate (3.108478ms)
✔ social: topic assignment is stable within the same cycle (0.420385ms)
✔ social: locked appearance cannot be equipped (0.175786ms)
✔ social: clearing unlocks and equips development appearance without stats (1.421108ms)
✔ social: only preset bullets, never arbitrary message input (0.551854ms)
✔ social: old rank data is not carried into a new cycle (1.278742ms)
✔ social: storage failure leaves stats unchanged and settlement retryable (1.93861ms)
✔ social: persisted data survives a service restart (1.760421ms)
✔ social: invalid user IDs and unknown actions are rejected (0.148444ms)
✔ social: tutorial completion updates tutorial flag without rank rewards (1.860662ms)
✔ social: malformed persistence fails closed rather than deleting data (0.154674ms)
✔ theme build: missing manifest keeps an empty optional theme and bundles shared modules (205.310815ms)
✔ theme build: referenced PNG is inlined for browser and copied for native without changing developer configuration (293.819208ms)
✔ theme build: many atlas keys pack one image source and remain available through the real runtime (287.088946ms)
✔ theme build: empty manifest removes stale derived theme images and keeps vector fallback (250.32263ms)
▶ theme build: JPEG and WebP formats retain their MIME type and native bytes
  ✔ jpg (133.591842ms)
  ✔ jpeg (128.555074ms)
  ✔ webp (130.571396ms)
✔ theme build: JPEG and WebP formats retain their MIME type and native bytes (393.505512ms)
▶ theme build: malformed manifest schemas and asset maps are rejected
  ✔ null (102.560859ms)
  ✔ {"schema":2,"assets":{}} (116.7158ms)
  ✔ {"schema":1,"assets":[]} (115.532076ms)
  ✔ {"schema":1,"assets":null} (106.352234ms)
  ✔ {"schema":1} (105.16791ms)
  ✔ {"schema":1,"assets":{"tile.T00":null}} (110.948607ms)
✔ theme build: malformed manifest schemas and asset maps are rejected (658.395597ms)
▶ theme build: escaped, absolute and non-image source paths are rejected before publishing outputs
  ✔ assets/theme/../outside.png (113.256605ms)
  ✔ assets/theme/folder/../../outside.png (106.536124ms)
  ✔ /tmp/outside.png (106.69663ms)
  ✔ C:/outside.png (104.812973ms)
  ✔ assets\theme\outside.png (104.126386ms)
  ✔ assets/art/cards/block_1.png (112.500262ms)
  ✔ Assets/theme/source.png (105.29063ms)
  ✔ assets/theme/source.svg (107.225756ms)
  ✔ assets/theme/source.png?query (109.411524ms)
  ✔ assets/theme/./source.png (113.877444ms)
✔ theme build: escaped, absolute and non-image source paths are rejected before publishing outputs (1085.310577ms)
▶ theme build: symlinks cannot escape the theme directory or project
  ✔ file (104.817491ms)
  ✔ directory (111.202777ms)
  ✔ theme-root (104.478508ms)
✔ theme build: symlinks cannot escape the theme directory or project (321.131611ms)
▶ theme build: textual placeholder PNG and mismatched image header fail the build
  ✔ assets/theme/placeholder.png (124.04709ms)
  ✔ assets/theme/wrong.jpg (104.527928ms)
✔ theme build: textual placeholder PNG and mismatched image header fail the build (229.171289ms)
✔ theme build: browser pointer capture defers action to a matching release and rejects multi-touch (144.080381ms)
✔ theme build: browser blur, cancellation and lost capture discard a held gesture (133.022932ms)
▶ theme build: native artwork uses wx Image, then Canvas Image, and safely falls back when unavailable
  ✔ wx (1.723676ms)
  ✔ canvas (0.652186ms)
  ✔ unavailable (0.720039ms)
✔ theme build: native artwork uses wx Image, then Canvas Image, and safely falls back when unavailable (3.516945ms)
▶ theme fonts: TTF and WOFF2 inline with matching MIME and retain native font and license files
  ✔ ttf (127.503881ms)
  ✔ woff2 (136.372435ms)
✔ theme fonts: TTF and WOFF2 inline with matching MIME and retain native font and license files (264.141897ms)
▶ theme fonts: invalid paths, headers, formats and font maps fail before output
  ✔ assets/theme/../font.ttfundefined (106.51069ms)
  ✔ /tmp/font.ttfundefined (104.425137ms)
  ✔ assets\theme\font.ttfundefined (111.812634ms)
  ✔ assets/theme/font.otfundefined (93.893739ms)
  ✔ assets/theme/font.ttfundefined (98.103742ms)
  ✔ assets/theme/font.woff2undefined (98.642738ms)
  ✔ assets/theme/font.ttf (108.077553ms)
✔ theme fonts: invalid paths, headers, formats and font maps fail before output (722.684372ms)
✔ theme fonts: browser waits for successful preload before creating its first app (161.226127ms)
✔ theme fonts: unsupported API, rejection and timeout start with the existing font (165.001212ms)
✔ theme fonts: font symlinks cannot escape the theme directory (108.084513ms)
✔ theme fonts: native font capability forwards the returned family and safely falls back (2.346367ms)
✔ UI: all homepage entrypoints lead to real navigable panels (64.479825ms)
✔ UI: tutorial transitions directly to the daily board (42.623996ms)
✔ UI: settings never change the running deal and quota (32.410378ms)
✔ UI: video/move/grant changes the actual board (45.800026ms)
✔ UI: actual completed deal shows win and local contribution (839.189094ms)
✔ UI: all responsive interactive targets stay inside the canvas (26.979309ms)
✔ UI: invalid touch values cannot affect a round (11.802068ms)
✔ UI: cancelled reward removes provider overlay without dereferencing old flow (27.228265ms)
✔ UI: tutorial cards leave space for the reserve label on all screen sizes (3.888427ms)
✔ UI: local history pagination never skips records (9.693121ms)
✔ UI: native safe-area and menu inset never receive gameplay controls (2.337272ms)
✔ UI: short displays keep home controls disjoint and inside the canvas (1.42243ms)
✔ visual integration: home uses the approved carrot instead of legacy sheep sprites (18.449982ms)
✔ probe build rejects mismatching proof before replacing a last-known-good bundle (218.068447ms)
✔ CLI verifier rejects missing identity even with an updated receipt byte hash (66.27945ms)
✔ retained 270-tile fixture and regenerated algorithm output match fixed SHA-256 baselines (40.488408ms)
✔ legacy 270-tile snapshot without snapshotHash still verifies with a matching receipt (18.619793ms)
✔ retained 540-tile fixture and regenerated algorithm output match fixed SHA-256 baselines (39.04105ms)
✔ legacy 540-tile snapshot without snapshotHash still verifies with a matching receipt (25.729229ms)
✔ retained 720-tile fixture and regenerated algorithm output match fixed SHA-256 baselines (37.628485ms)
✔ legacy 720-tile snapshot without snapshotHash still verifies with a matching receipt (31.458109ms)
✔ R1: reject unbalanced imported initial snapshots before creating a round (1.09831ms)
✔ R2: release verification rejects a snapshot the runtime cannot load (0.459344ms)
✔ R3: different shuffled snapshots have different content identifiers (6.455707ms)
ℹ tests 560
ℹ suites 0
ℹ pass 560
ℹ fail 0
ℹ cancelled 0
ℹ skipped 0
ℹ todo 0
ℹ duration_ms 6943.216575
{
  "ok": true,
  "algorithmFiles": 12,
  "previousSources": 20,
  "approvedDealSizes": [
    270,
    540,
    720
  ],
  "realWeChatTested": false,
  "production": false
}
npm notice
npm notice New major version of npm available! 11.9.0 -> 12.2.0
npm notice Changelog: https://github.com/npm/cli/releases/tag/v12.2.0
npm notice To update run: npm install -g npm@12.2.0
npm notice
